[www.mittalgroup.co.in/index.html]
[backblue.gif]
[fade.gif]
[index.html]
[www.mittalgroup.co.in/wp-includes/css/dist/block-library/style.min9704.css]
[www.mittalgroup.co.in/feed/index.html]
[www.mittalgroup.co.in/comments/feed/index.html]
[www.mittalgroup.co.in/wp-content/plugins/contact-form-7/includes/css/stylescfaa.css]
[www.mittalgroup.co.in/wp-content/plugins/testimonial-slider-and-showcase/assets/css/wptestimonial95b8.css]
[www.mittalgroup.co.in/wp-content/plugins/wp-contact-form-7-spam-blocker/frontend/css/spam-protect-for-contact-form78a54.css]
[www.mittalgroup.co.in/wp-content/plugins/wp-slick-slider-and-image-carousel/assets/css/slicke735.css]
[www.mittalgroup.co.in/wp-content/plugins/wp-slick-slider-and-image-carousel/assets/css/wpsisac-publice735.css]
[www.mittalgroup.co.in/wp-content/themes/kastell/style9704.css]
[www.mittalgroup.co.in/wp-content/themes/kastell/assets/css/modules.min9704.css]
[www.mittalgroup.co.in/wp-content/uploads/2017/12/search-background-img.jpg]
[kastell.qodeinteractive.com/wp-content/uploads/2017/12/h6-background-img.jpg]
[www.mittalgroup.co.in/wp-content/uploads/2022/05/footer-bg.jpg]
[www.mittalgroup.co.in/wp-content/uploads/2018/01/filter-background.jpg]
[www.mittalgroup.co.in/wp-content/themes/kastell/assets/css/font-awesome/css/font-awesome.min9704.css]
[www.mittalgroup.co.in/wp-content/themes/kastell/assets/css/elegant-icons/style.min9704.css]
[www.mittalgroup.co.in/wp-content/themes/kastell/assets/css/ion-icons/css/ionicons.min9704.css]
[www.mittalgroup.co.in/wp-content/themes/kastell/assets/css/linea-icons/style9704.css]
[www.mittalgroup.co.in/wp-content/themes/kastell/assets/css/linear-icons/style9704.css]
[www.mittalgroup.co.in/wp-content/themes/kastell/assets/css/simple-line-icons/simple-line-icons9704.css]
[www.mittalgroup.co.in/wp-content/themes/kastell/assets/css/dripicons/dripicons9704.css]
[www.mittalgroup.co.in/wp-includes/js/mediaelement/mediaelementplayer-legacy.min1f61.css]
[www.mittalgroup.co.in/wp-includes/js/mediaelement/wp-mediaelement.min9704.css]
[www.mittalgroup.co.in/wp-content/themes/kastell/assets/css/style_dynamicea94.css]
[www.mittalgroup.co.in/wp-content/themes/kastell/assets/css/modules-responsive.min9704.css]
[www.mittalgroup.co.in/wp-content/themes/kastell/assets/css/style_dynamic_responsiveea94.css]
[www.mittalgroup.co.in/wp-content/plugins/quadmenu/assets/frontend/pscrollbar/perfect-scrollbar.minc0b8.css]
[www.mittalgroup.co.in/wp-content/plugins/quadmenu/assets/frontend/owlcarousel/owl.carousel.minc0b8.css]
[www.mittalgroup.co.in/wp-content/plugins/quadmenu/assets/frontend/css/quadmenu-normalize.minc0b8.css]
[www.mittalgroup.co.in/wp-content/uploads/kastell-child/quadmenu-widgets93ad.css]
[www.mittalgroup.co.in/wp-content/plugins/quadmenu/assets/frontend/css/quadmenu.minc0b8.css]
[www.mittalgroup.co.in/wp-content/uploads/kastell-child/quadmenu-locations93ad.css]
[www.mittalgroup.co.in/wp-includes/css/dashicons.min9704.css]
[www.mittalgroup.co.in/wp-content/plugins/js_composer/assets/css/js_composer.min9c09.css]
[www.mittalgroup.co.in/wp-content/themes/kastell-child/style9704.css]
[www.mittalgroup.co.in/wp-content/plugins/smart-slider-3/Public/SmartSlider3/Application/Frontend/Assets/dist/smartslider.min9c8c.css]
[www.mittalgroup.co.in/wp-includes/js/jquery/jquery.minf43b.js]
[www.mittalgroup.co.in/wp-includes/js/jquery/jquery-migrate.min5589.js]
[www.mittalgroup.co.in/wp-content/plugins/wp-contact-form-7-spam-blocker/frontend/js/spam-protect-for-contact-form78a54.js]
[www.mittalgroup.co.in/wp-json/wp/v2/pages/3051.json]
[www.mittalgroup.co.in/wp-json/index.html]
[www.mittalgroup.co.in/xmlrpc0db0.php]
[www.mittalgroup.co.in/wp-json/oembed/1.0/embed8bc1.json]
[www.mittalgroup.co.in/wp-json/oembed/1.0/embed6d79]
[www.mittalgroup.co.in/thank-you/index.html]
[connect.facebook.net/en_US/fbevents.js]
[www.mittalgroup.co.in/wp-content/uploads/2022/08/favicon.png]
[www.mittalgroup.co.in/wp-content/plugins/smart-slider-3/Public/SmartSlider3/Application/Frontend/Assets/dist/n2.min9c8c.js]
[www.mittalgroup.co.in/wp-content/plugins/smart-slider-3/Public/SmartSlider3/Application/Frontend/Assets/dist/smartslider-frontend.min9c8c.js]
[www.mittalgroup.co.in/wp-content/plugins/smart-slider-3/Public/SmartSlider3/Slider/SliderType/Simple/Assets/dist/ss-simple.min9c8c.js]
[www.mittalgroup.co.in/wp-content/plugins/smart-slider-3/Public/SmartSlider3/Widget/Arrow/ArrowImage/Assets/dist/w-arrow-image.min9c8c.js]
[www.mittalgroup.co.in/wp-content/plugins/smart-slider-3/Public/SmartSlider3/Widget/Bullet/Assets/dist/w-bullet.min9c8c.js]
[www.mittalgroup.co.in/wp-content/themes/kastell/assets/img/filter_icon.png]
[www.mittalgroup.co.in/wp-content/themes/kastell/assets/img/filter_icon_light.png]
[www.mittalgroup.co.in/develop-a-sense-of-calmness-with-mittal-group/index.html]
[www.mittalgroup.co.in/ganpati-enclave-Ahmedabad/index.html]
[www.mittalgroup.co.in/wp-content/uploads/2022/05/logo.png]
[www.mittalgroup.co.in/sushant-city-2/index.html]
[www.mittalgroup.co.in/sheesh-mahal-heights/index.html]
[www.mittalgroup.co.in/dd-mittal-towers/index.html]
[www.mittalgroup.co.in/sheesh-mahal-Ahmedabad/index.html]
[www.mittalgroup.co.in/sushant-city-1/index.html]
[www.mittalgroup.co.in/wp-content/uploads/2022/05/logo-light.png]
[www.mittalgroup.co.in/mittal-city-mall/index.html]
[www.mittalgroup.co.in/sheesh-mahal-plaza/index.html]
[www.mittalgroup.co.in/sheesh-mahal-skyline/index.html]
[www.mittalgroup.co.in/sushant-city-2-independent-floors/index.html]
[www.mittalgroup.co.in/ganpati-temple/index.html]
[www.mittalgroup.co.in/tulips-club-stadium/index.html]
[www.mittalgroup.co.in/real-estate-projects/index.html]
[www.mittalgroup.co.in/environmental-clearance/index.html]
[www.mittalgroup.co.in/mittal-group/index.html]
[www.mittalgroup.co.in/blog/index.html]
[www.mittalgroup.co.in/contact-us/index.html]
[www.mittalgroup.co.in/careers/index.html]
[www.mittalgroup.co.in/wp-content/themes/kastell/assets/img/search_icon.png]
[www.mittalgroup.co.in/wp-content/themes/kastell/assets/img/search_icon_light.png]
[www.mittalgroup.co.in/wp-content/uploads/2022/08/slide-x1.jpg]
[www.mittalgroup.co.in/wp-content/uploads/2022/08/slide-x2.jpg]
[www.mittalgroup.co.in/wp-content/uploads/2022/08/slide-x20.jpg]
[www.mittalgroup.co.in/wp-content/uploads/2017/11/home-picture.jpg]
[www.mittalgroup.co.in/wp-content/uploads/2017/11/icon-1.png]
[www.mittalgroup.co.in/wp-content/uploads/2017/11/icon-2.png]
[www.mittalgroup.co.in/wp-content/uploads/2017/11/icon-3.png]
[www.mittalgroup.co.in/wp-content/uploads/2022/06/picture-35.jpg]
[www.mittalgroup.co.in/wp-content/uploads/2017/11/sheesh-mahal-x1.jpg]
[www.mittalgroup.co.in/wp-content/uploads/2022/06/sushant-city-thumb.jpg]
[www.mittalgroup.co.in/wp-content/uploads/2022/06/picture-6.jpg]
[www.mittalgroup.co.in/wp-content/uploads/2022/06/thumb-10.jpg]
[www.mittalgroup.co.in/wp-content/uploads/2022/06/sheesh-mahal-heights-thumb.png]
[www.mittalgroup.co.in/property-category/residential/index.html]
[www.mittalgroup.co.in/wp-content/uploads/2022/08/sm-feature.jpg]
[www.mittalgroup.co.in/wp-content/uploads/2022/08/PIF-Thumb.jpg]
[www.mittalgroup.co.in/wp-content/uploads/2022/06/mcm-thumb.jpg]
[www.mittalgroup.co.in/wp-content/uploads/2022/08/sheesh-mehal-plaza-2.jpg]
[www.mittalgroup.co.in/wp-content/uploads/2022/05/DJI_0306.jpg]
[www.mittalgroup.co.in/wp-content/uploads/2022/05/DJI_0305.jpg]
[www.mittalgroup.co.in/wp-content/uploads/2022/05/DJI_0304.jpg]
[www.mittalgroup.co.in/property-category/commercial/index.html]
[www.mittalgroup.co.in/wp-content/uploads/2023/05/Untitled-design-4.png]
[www.mittalgroup.co.in/wp-content/uploads/2023/05/Untitled-design-3.png]
[www.mittalgroup.co.in/wp-content/uploads/2023/05/3.jpg]
[www.mittalgroup.co.in/wp-content/uploads/2023/05/2.jpg]
[www.mittalgroup.co.in/wp-content/uploads/2023/05/1.jpg]
[www.mittalgroup.co.in/wp-content/uploads/2022/08/testimonials-1.png]
[www.mittalgroup.co.in/wp-content/uploads/2022/08/rajni-sharama.png]
[www.mittalgroup.co.in/wp-content/uploads/2023/11/Mittal-Dream-Home.webp]
[www.mittalgroup.co.in/wp-content/uploads/2023/08/Top-10-Features-that-Home-Buyers-Are-Looking-for-in-a-Home.webp]
[www.mittalgroup.co.in/wp-content/uploads/2023/08/Property-on-Ahmedabad.webp]
[www.mittalgroup.co.in/wp-content/uploads/2022/06/gepic-1.jpg]
[www.mittalgroup.co.in/wp-content/uploads/2022/06/gepic-6.jpg]
[www.mittalgroup.co.in/wp-content/uploads/2022/06/gepic-5.jpg]
[www.mittalgroup.co.in/wp-content/uploads/2022/06/gallery-pic-42.jpg]
[www.mittalgroup.co.in/2bhk-in-Ahmedabad/index.html]
[www.mittalgroup.co.in/wp-content/uploads/2022/06/sc-pic-3.jpg]
[www.mittalgroup.co.in/wp-content/uploads/2022/09/MC-Mall.jpg]
[www.mittalgroup.co.in/wp-content/uploads/2022/09/sm-gallery-x15.jpg]
[www.mittalgroup.co.in/real-estate-business/index.html]
[www.mittalgroup.co.in/wp-content/uploads/2022/06/sc-pic-4.jpg]
[www.mittalgroup.co.in/home-buyers-are-looking-for-in-a-home/index.html]
[www.mittalgroup.co.in/property-on-Ahmedabad/index.html]
[www.mittalgroup.co.in/wp-content/uploads/2022/09/DDMT-Pic.jpg]
[www.mittalgroup.co.in/wp-content/uploads/2022/06/gallery-pic-40.jpg]
[www.mittalgroup.co.in/wp-content/uploads/2022/09/sm-gallery-16.jpg]
[www.mittalgroup.co.in/wp-content/uploads/2022/09/SMH-PIC.jpg]
[www.mittalgroup.co.in/wp-content/uploads/2022/05/logo-footer.png]
[www.mittalgroup.co.in/wp-content/plugins/mailpoet/assets/dist/css/mailpoet-public.9cd759ea9704.css]
[www.mittalgroup.co.in/wp-content/plugins/testimonial-slider-and-showcase/assets/vendor/swiper/swiper.min95b8.css]
[www.mittalgroup.co.in/real-estate/index.html]
[www.mittalgroup.co.in/edible-oil/index.html]
[www.mittalgroup.co.in/wp-content/plugins/testimonial-slider-and-showcase/assets/vendor/fontello/css/tss-font.min95b8.css]
[www.mittalgroup.co.in/distillery-ethanol-industry/index.html]
[www.mittalgroup.co.in/news-media/index.html]
[www.mittalgroup.co.in/award-recognition/index.html]
[www.mittalgroup.co.in/privacy-policy/index.html]
[www.mittalgroup.co.in/terms-and-conditions/index.html]
[www.mittalgroup.co.in/disclaimer/index.html]
[www.mittalgroup.co.in/wp-content/plugins/contact-form-7/includes/swv/js/indexcfaa.js]
[www.mittalgroup.co.in/wp-content/plugins/contact-form-7/includes/js/indexcfaa.js]
[www.mittalgroup.co.in/wp-includes/js/jquery/ui/core.minb37e.js]
[www.mittalgroup.co.in/wp-includes/js/jquery/ui/tabs.minb37e.js]
[www.mittalgroup.co.in/wp-includes/js/jquery/ui/accordion.minb37e.js]
[www.mittalgroup.co.in/wp-includes/js/mediaelement/mediaelement-and-player.min1f61.js]
[www.mittalgroup.co.in/wp-includes/js/mediaelement/mediaelement-migrate.min9704.js]
[www.mittalgroup.co.in/wp-includes/js/mediaelement/wp-mediaelement.min9704.js]
[www.mittalgroup.co.in/wp-content/themes/kastell/assets/js/modules/plugins/jquery.appear9704.js]
[www.mittalgroup.co.in/wp-content/themes/kastell/assets/js/modules/plugins/modernizr.min9704.js]
[www.mittalgroup.co.in/wp-includes/js/hoverIntent.min3e5a.js]
[www.mittalgroup.co.in/wp-content/themes/kastell/assets/js/modules/plugins/jquery.plugin9704.js]
[www.mittalgroup.co.in/wp-content/themes/kastell/assets/js/modules/plugins/owl.carousel.min9704.js]
[www.mittalgroup.co.in/wp-content/themes/kastell/assets/js/modules/plugins/jquery.waypoints.min9704.js]
[www.mittalgroup.co.in/wp-content/themes/kastell/assets/js/modules/plugins/Chart.min9704.js]
[www.mittalgroup.co.in/wp-content/themes/kastell/assets/js/modules/plugins/fluidvids.min9704.js]
[www.mittalgroup.co.in/wp-content/plugins/js_composer/assets/lib/prettyphoto/js/jquery.prettyPhoto.min9c09.js]
[www.mittalgroup.co.in/wp-content/themes/kastell/assets/js/modules/plugins/perfect-scrollbar.jquery.min9704.js]
[www.mittalgroup.co.in/wp-content/themes/kastell/assets/js/modules/plugins/ScrollToPlugin.min9704.js]
[www.mittalgroup.co.in/wp-content/themes/kastell/assets/js/modules/plugins/parallax.min9704.js]
[www.mittalgroup.co.in/wp-content/themes/kastell/assets/js/modules/plugins/jquery.waitforimages9704.js]
[www.mittalgroup.co.in/wp-content/themes/kastell/assets/js/modules/plugins/jquery.easing.1.39704.js]
[www.mittalgroup.co.in/wp-content/plugins/js_composer/assets/lib/bower/isotope/dist/isotope.pkgd.min9c09.js]
[www.mittalgroup.co.in/wp-content/themes/kastell/assets/js/modules/plugins/packery-mode.pkgd.min9704.js]
[www.mittalgroup.co.in/wp-content/themes/kastell/assets/js/modules/plugins/slick.min9704.js]
[www.mittalgroup.co.in/wp-content/plugins/mkdf-core/shortcodes/countdown/assets/js/plugins/jquery.countdown.min9704.js]
[www.mittalgroup.co.in/wp-content/plugins/mkdf-core/shortcodes/counter/assets/js/plugins/counter9704.js]
[www.mittalgroup.co.in/wp-content/plugins/mkdf-core/shortcodes/counter/assets/js/plugins/absoluteCounter.min9704.js]
[www.mittalgroup.co.in/wp-content/plugins/mkdf-core/shortcodes/custom-font/assets/js/plugins/typed9704.js]
[www.mittalgroup.co.in/wp-content/plugins/mkdf-core/shortcodes/full-screen-sections/assets/js/plugins/jquery.fullPage.min9704.js]
[www.mittalgroup.co.in/wp-content/plugins/mkdf-core/shortcodes/pie-chart/assets/js/plugins/easypiechart9704.js]
[www.mittalgroup.co.in/wp-content/plugins/mkdf-core/post-types/property/shortcodes/interactive-property-list/assets/js/plugins/TweenMax.min9704.js]
[www.mittalgroup.co.in/wp-content/themes/kastell/assets/js/modules/plugins/TweenLite.min9704.js]
[www.mittalgroup.co.in/wp-content/themes/kastell/assets/js/modules/plugins/smoothPageScroll9704.js]
[www.mittalgroup.co.in/wp-content/themes/kastell/assets/js/modules.min9704.js]
[www.mittalgroup.co.in/wp-content/plugins/quadmenu/assets/frontend/pscrollbar/perfect-scrollbar.jquery.minc0b8.js]
[www.mittalgroup.co.in/wp-content/plugins/quadmenu/assets/frontend/owlcarousel/owl.carousel.minc0b8.js]
[www.mittalgroup.co.in/wp-content/plugins/quadmenu/assets/frontend/js/quadmenu.minc0b8.js]
[www.google.com/recaptcha/api30f0.js]
[www.mittalgroup.co.in/wp-includes/js/dist/vendor/wp-polyfill.min2c7c.js]
[www.mittalgroup.co.in/wp-content/plugins/contact-form-7/modules/recaptcha/indexcfaa.js]
[www.mittalgroup.co.in/wp-content/plugins/js_composer/assets/js/dist/js_composer_front.min9c09.js]
[www.mittalgroup.co.in/wp-content/plugins/wp-slick-slider-and-image-carousel/assets/js/slick.mine735.js]
[www.mittalgroup.co.in/wp-content/plugins/wp-slick-slider-and-image-carousel/assets/js/wpsisac-publice735.js]
[www.mittalgroup.co.in/wp-content/plugins/mailpoet/assets/dist/js/public6e08.js]
[www.mittalgroup.co.in/wp-content/plugins/testimonial-slider-and-showcase/assets/vendor/isotope/imagesloaded.pkgd.min95b8.js]
[www.mittalgroup.co.in/wp-content/plugins/testimonial-slider-and-showcase/assets/vendor/swiper/swiper.min95b8.js]
[www.mittalgroup.co.in/wp-content/plugins/testimonial-slider-and-showcase/assets/js/wptestimonial95b8.js]
[www.mittalgroup.co.in/wp-content/plugins/mkdf-core/shortcodes/image-map-gallery/assets/exclude_js/image-map-gallery9704.js]
[www.mittalgroup.co.in/index.html]
[www.mittalgroup.co.in/wp-includes/css/dist/block-library/style.min9704.css]
[www.mittalgroup.co.in/wp-content/plugins/contact-form-7/includes/css/stylescfaa.css]
[www.mittalgroup.co.in/wp-content/plugins/testimonial-slider-and-showcase/assets/css/wptestimonial95b8.css]
[www.mittalgroup.co.in/wp-content/plugins/wp-contact-form-7-spam-blocker/frontend/css/spam-protect-for-contact-form78a54.css]
[www.mittalgroup.co.in/wp-content/plugins/wp-slick-slider-and-image-carousel/assets/images/ajax-loader.gif]
[www.mittalgroup.co.in/wp-content/plugins/wp-slick-slider-and-image-carousel/assets/css/slicke735.css]
[www.mittalgroup.co.in/wp-content/plugins/wp-slick-slider-and-image-carousel/assets/css/wpsisac-publice735.css]
[www.mittalgroup.co.in/wp-content/themes/kastell/style9704.css]
[www.mittalgroup.co.in/wp-content/themes/kastell/assets/img/preload_pattern.png]
[www.mittalgroup.co.in/wp-content/themes/kastell/assets/img/arrows_left.png]
[www.mittalgroup.co.in/wp-content/themes/kastell/assets/img/arrows_right.png]
[www.mittalgroup.co.in/wp-content/themes/kastell/framework/modules/blog/assets/img/audio/play.png]
[www.mittalgroup.co.in/wp-content/themes/kastell/framework/modules/blog/assets/img/audio/pause.png]
[www.mittalgroup.co.in/wp-content/themes/kastell/framework/modules/blog/assets/img/audio/stop.png]
[www.mittalgroup.co.in/wp-content/themes/kastell/framework/modules/blog/assets/img/audio/sound.png]
[www.mittalgroup.co.in/wp-content/themes/kastell/framework/modules/blog/assets/img/audio/mute.png]
[www.mittalgroup.co.in/wp-content/plugins/mkdf-core/assets/img/arrows_left.png]
[www.mittalgroup.co.in/wp-content/plugins/mkdf-core/assets/img/arrows_right.png]
[www.mittalgroup.co.in/wp-content/plugins/mkdf-core/assets/img/divider_white.png]
[www.mittalgroup.co.in/wp-content/plugins/mkdf-core/assets/img/divider_color.png]
[www.mittalgroup.co.in/wp-content/themes/kastell/assets/css/modules.min9704.css]
[www.mittalgroup.co.in/wp-content/themes/kastell/assets/css/font-awesome/fonts/fontawesome-webfont3e6e.eot]
[www.mittalgroup.co.in/wp-content/themes/kastell/assets/css/font-awesome/fonts/fontawesome-webfontd41d.eot]
[www.mittalgroup.co.in/wp-content/themes/kastell/assets/css/font-awesome/fonts/fontawesome-webfont3e6e.woff2]
[www.mittalgroup.co.in/wp-content/themes/kastell/assets/css/font-awesome/fonts/fontawesome-webfont3e6e.woff]
[www.mittalgroup.co.in/wp-content/themes/kastell/assets/css/font-awesome/fonts/fontawesome-webfont3e6e.ttf]
[www.mittalgroup.co.in/wp-content/themes/kastell/assets/css/font-awesome/css/font-awesome.min9704.css]
[www.mittalgroup.co.in/wp-content/themes/kastell/assets/css/elegant-icons/fonts/ElegantIcons.eot]
[www.mittalgroup.co.in/wp-content/themes/kastell/assets/css/elegant-icons/fonts/ElegantIconsd41d.eot]
[www.mittalgroup.co.in/wp-content/themes/kastell/assets/css/elegant-icons/fonts/ElegantIcons.woff]
[www.mittalgroup.co.in/wp-content/themes/kastell/assets/css/elegant-icons/fonts/ElegantIcons.ttf]
[www.mittalgroup.co.in/wp-content/themes/kastell/assets/css/elegant-icons/style.min9704.css]
[www.mittalgroup.co.in/wp-content/themes/kastell/assets/css/ion-icons/fonts/ionicons28b5.eot]
[www.mittalgroup.co.in/wp-content/themes/kastell/assets/css/ion-icons/fonts/ionicons28b5.ttf]
[www.mittalgroup.co.in/wp-content/themes/kastell/assets/css/ion-icons/fonts/ionicons28b5.woff]
[www.mittalgroup.co.in/wp-content/themes/kastell/assets/css/ion-icons/css/ionicons.min9704.css]
[www.mittalgroup.co.in/wp-content/themes/kastell/assets/css/linea-icons/arrows/fonts/linea-arrows-10.eot]
[www.mittalgroup.co.in/wp-content/themes/kastell/assets/css/linea-icons/arrows/fonts/linea-arrows-10d41d.eot]
[www.mittalgroup.co.in/wp-content/themes/kastell/assets/css/linea-icons/arrows/fonts/linea-arrows-10.woff]
[www.mittalgroup.co.in/wp-content/themes/kastell/assets/css/linea-icons/arrows/fonts/linea-arrows-10.ttf]
[www.mittalgroup.co.in/wp-content/themes/kastell/assets/css/linea-icons/basic/fonts/linea-basic-10.eot]
[www.mittalgroup.co.in/wp-content/themes/kastell/assets/css/linea-icons/basic/fonts/linea-basic-10d41d.eot]
[www.mittalgroup.co.in/wp-content/themes/kastell/assets/css/linea-icons/basic/fonts/linea-basic-10.woff]
[www.mittalgroup.co.in/wp-content/themes/kastell/assets/css/linea-icons/basic/fonts/linea-basic-10.ttf]
[www.mittalgroup.co.in/wp-content/themes/kastell/assets/css/linea-icons/basic-elaboration/fonts/linea-basic-elaboration-10.eot]
[www.mittalgroup.co.in/wp-content/themes/kastell/assets/css/linea-icons/basic-elaboration/fonts/linea-basic-elaboration-10d41d.eot]
[www.mittalgroup.co.in/wp-content/themes/kastell/assets/css/linea-icons/basic-elaboration/fonts/linea-basic-elaboration-10.woff]
[www.mittalgroup.co.in/wp-content/themes/kastell/assets/css/linea-icons/basic-elaboration/fonts/linea-basic-elaboration-10.ttf]
[www.mittalgroup.co.in/wp-content/themes/kastell/assets/css/linea-icons/ecommerce/fonts/linea-ecommerce-10.eot]
[www.mittalgroup.co.in/wp-content/themes/kastell/assets/css/linea-icons/ecommerce/fonts/linea-ecommerce-10d41d.eot]
[www.mittalgroup.co.in/wp-content/themes/kastell/assets/css/linea-icons/ecommerce/fonts/linea-ecommerce-10.woff]
[www.mittalgroup.co.in/wp-content/themes/kastell/assets/css/linea-icons/ecommerce/fonts/linea-ecommerce-10.ttf]
[www.mittalgroup.co.in/wp-content/themes/kastell/assets/css/linea-icons/music/fonts/linea-music-10.eot]
[www.mittalgroup.co.in/wp-content/themes/kastell/assets/css/linea-icons/music/fonts/linea-music-10d41d.eot]
[www.mittalgroup.co.in/wp-content/themes/kastell/assets/css/linea-icons/music/fonts/linea-music-10.woff]
[www.mittalgroup.co.in/wp-content/themes/kastell/assets/css/linea-icons/music/fonts/linea-music-10.ttf]
[www.mittalgroup.co.in/wp-content/themes/kastell/assets/css/linea-icons/software/fonts/linea-software-10.eot]
[www.mittalgroup.co.in/wp-content/themes/kastell/assets/css/linea-icons/software/fonts/linea-software-10d41d.eot]
[www.mittalgroup.co.in/wp-content/themes/kastell/assets/css/linea-icons/software/fonts/linea-software-10.woff]
[www.mittalgroup.co.in/wp-content/themes/kastell/assets/css/linea-icons/software/fonts/linea-software-10.ttf]
[www.mittalgroup.co.in/wp-content/themes/kastell/assets/css/linea-icons/weather/fonts/linea-weather-10.eot]
[www.mittalgroup.co.in/wp-content/themes/kastell/assets/css/linea-icons/weather/fonts/linea-weather-10d41d.eot]
[www.mittalgroup.co.in/wp-content/themes/kastell/assets/css/linea-icons/weather/fonts/linea-weather-10.woff]
[www.mittalgroup.co.in/wp-content/themes/kastell/assets/css/linea-icons/weather/fonts/linea-weather-10.ttf]
[www.mittalgroup.co.in/wp-content/themes/kastell/assets/css/linea-icons/style9704.css]
[www.mittalgroup.co.in/wp-content/themes/kastell/assets/css/linear-icons/fonts/Linearicons-Free54e9.eot]
[www.mittalgroup.co.in/wp-content/themes/kastell/assets/css/linear-icons/fonts/Linearicons-Freed41d.eot]
[www.mittalgroup.co.in/wp-content/themes/kastell/assets/css/linear-icons/fonts/Linearicons-Free54e9.woff2]
[www.mittalgroup.co.in/wp-content/themes/kastell/assets/css/linear-icons/fonts/Linearicons-Free54e9.woff]
[www.mittalgroup.co.in/wp-content/themes/kastell/assets/css/linear-icons/fonts/Linearicons-Free54e9.ttf]
[www.mittalgroup.co.in/wp-content/themes/kastell/assets/css/linear-icons/style9704.css]
[www.mittalgroup.co.in/wp-content/themes/kastell/assets/css/simple-line-icons/fonts/Simple-Line-Icons4c82.eot]
[www.mittalgroup.co.in/wp-content/themes/kastell/assets/css/simple-line-icons/fonts/Simple-Line-Iconsd41d.eot]
[www.mittalgroup.co.in/wp-content/themes/kastell/assets/css/simple-line-icons/fonts/Simple-Line-Icons4c82.ttf]
[www.mittalgroup.co.in/wp-content/themes/kastell/assets/css/simple-line-icons/fonts/Simple-Line-Icons4c82.woff2]
[www.mittalgroup.co.in/wp-content/themes/kastell/assets/css/simple-line-icons/fonts/Simple-Line-Icons4c82.woff]
[www.mittalgroup.co.in/wp-content/themes/kastell/assets/css/simple-line-icons/simple-line-icons9704.css]
[www.mittalgroup.co.in/wp-content/themes/kastell/assets/css/dripicons/fonts/dripicons-v2.eot]
[www.mittalgroup.co.in/wp-content/themes/kastell/assets/css/dripicons/fonts/dripicons-v2d41d.eot]
[www.mittalgroup.co.in/wp-content/themes/kastell/assets/css/dripicons/fonts/dripicons-v2.woff]
[www.mittalgroup.co.in/wp-content/themes/kastell/assets/css/dripicons/fonts/dripicons-v2.ttf]
[www.mittalgroup.co.in/wp-content/themes/kastell/assets/css/dripicons/dripicons9704.css]
[www.mittalgroup.co.in/wp-includes/js/mediaelement/mediaelementplayer-legacy.min1f61.css]
[www.mittalgroup.co.in/wp-includes/js/mediaelement/wp-mediaelement.min9704.css]
[www.mittalgroup.co.in/wp-content/uploads/2018/01/error-page-background.jpg]
[www.mittalgroup.co.in/wp-content/themes/kastell/assets/css/style_dynamicea94.css]
[www.mittalgroup.co.in/wp-content/themes/kastell/assets/css/modules-responsive.min9704.css]
[www.mittalgroup.co.in/wp-content/themes/kastell/assets/css/style_dynamic_responsiveea94.css]
[www.mittalgroup.co.in/wp-content/plugins/quadmenu/assets/frontend/pscrollbar/perfect-scrollbar.minc0b8.css]
[www.mittalgroup.co.in/wp-content/plugins/quadmenu/assets/frontend/owlcarousel/owl.carousel.minc0b8.css]
[www.mittalgroup.co.in/wp-content/plugins/quadmenu/assets/frontend/css/quadmenu-normalize.minc0b8.css]
[www.mittalgroup.co.in/wp-content/uploads/kastell-child/quadmenu-widgets93ad.css]
[www.mittalgroup.co.in/wp-content/plugins/quadmenu/assets/frontend/css/quadmenu.minc0b8.css]
[www.mittalgroup.co.in/wp-content/uploads/kastell-child/quadmenu-locations93ad.css]
[www.mittalgroup.co.in/wp-includes/fonts/dashicons7d4b.eot]
[www.mittalgroup.co.in/wp-includes/fonts/dashicons7d4b.ttf]
[www.mittalgroup.co.in/wp-includes/css/dashicons.min9704.css]
[www.mittalgroup.co.in/wp-content/plugins/js_composer/assets/vc/alert.png]
[www.mittalgroup.co.in/wp-content/plugins/js_composer/assets/vc/info.png]
[www.mittalgroup.co.in/wp-content/plugins/js_composer/assets/vc/tick.png]
[www.mittalgroup.co.in/wp-content/plugins/js_composer/assets/vc/exclamation.png]
[www.mittalgroup.co.in/wp-content/plugins/js_composer/assets/images/icons/address-book.png]
[www.mittalgroup.co.in/wp-content/plugins/js_composer/assets/images/icons/alarm-clock.png]
[www.mittalgroup.co.in/wp-content/plugins/js_composer/assets/images/icons/anchor.png]
[www.mittalgroup.co.in/wp-content/plugins/js_composer/assets/images/icons/application-image.png]
[www.mittalgroup.co.in/wp-content/plugins/js_composer/assets/images/icons/arrow.png]
[www.mittalgroup.co.in/wp-content/plugins/js_composer/assets/images/icons/asterisk.png]
[www.mittalgroup.co.in/wp-content/plugins/js_composer/assets/images/icons/auction-hammer.png]
[www.mittalgroup.co.in/wp-content/plugins/js_composer/assets/images/icons/balloon.png]
[www.mittalgroup.co.in/wp-content/plugins/js_composer/assets/images/icons/balloon-buzz.png]
[www.mittalgroup.co.in/wp-content/plugins/js_composer/assets/images/icons/balloon-facebook.png]
[www.mittalgroup.co.in/wp-content/plugins/js_composer/assets/images/icons/balloon-twitter.png]
[www.mittalgroup.co.in/wp-content/plugins/js_composer/assets/images/icons/battery-full.png]
[www.mittalgroup.co.in/wp-content/plugins/js_composer/assets/images/icons/binocular.png]
[www.mittalgroup.co.in/wp-content/plugins/js_composer/assets/images/icons/blue-document-excel.png]
[www.mittalgroup.co.in/wp-content/plugins/js_composer/assets/images/icons/blue-document-image.png]
[www.mittalgroup.co.in/wp-content/plugins/js_composer/assets/images/icons/blue-document-music.png]
[www.mittalgroup.co.in/wp-content/plugins/js_composer/assets/images/icons/blue-document-office.png]
[www.mittalgroup.co.in/wp-content/plugins/js_composer/assets/images/icons/blue-document-pdf.png]
[www.mittalgroup.co.in/wp-content/plugins/js_composer/assets/images/icons/blue-document-powerpoint.png]
[www.mittalgroup.co.in/wp-content/plugins/js_composer/assets/images/icons/blue-document-word.png]
[www.mittalgroup.co.in/wp-content/plugins/js_composer/assets/images/icons/bookmark.png]
[www.mittalgroup.co.in/wp-content/plugins/js_composer/assets/images/icons/camcorder.png]
[www.mittalgroup.co.in/wp-content/plugins/js_composer/assets/images/icons/camera.png]
[www.mittalgroup.co.in/wp-content/plugins/js_composer/assets/images/icons/chart.png]
[www.mittalgroup.co.in/wp-content/plugins/js_composer/assets/images/icons/chart-pie.png]
[www.mittalgroup.co.in/wp-content/plugins/js_composer/assets/images/icons/clock.png]
[www.mittalgroup.co.in/wp-content/plugins/js_composer/assets/images/icons/control.png]
[www.mittalgroup.co.in/wp-content/plugins/js_composer/assets/images/icons/fire.png]
[www.mittalgroup.co.in/wp-content/plugins/js_composer/assets/images/icons/heart.png]
[www.mittalgroup.co.in/wp-content/plugins/js_composer/assets/images/icons/mail.png]
[www.mittalgroup.co.in/wp-content/plugins/js_composer/assets/images/icons/plus-shield.png]
[www.mittalgroup.co.in/wp-content/plugins/js_composer/assets/images/icons/video.png]
[www.mittalgroup.co.in/wp-content/plugins/js_composer/assets/fonts/vc_icons_v2/fonts/vcpb-plugin-iconsb82a.eot]
[www.mittalgroup.co.in/wp-content/plugins/js_composer/assets/fonts/vc_icons_v2/fonts/vcpb-plugin-iconsb82a.ttf]
[www.mittalgroup.co.in/wp-content/plugins/js_composer/assets/fonts/vc_icons_v2/fonts/vcpb-plugin-iconsb82a.woff]
[www.mittalgroup.co.in/wp-content/plugins/js_composer/assets/images/toggle_open.png]
[www.mittalgroup.co.in/wp-content/plugins/js_composer/assets/images/toggle_close.png]
[www.mittalgroup.co.in/wp-content/plugins/js_composer/assets/images/flickr.png]
[www.mittalgroup.co.in/wp-content/plugins/js_composer/assets/fonts/vc_grid/vc_grid_v157a1.eot]
[www.mittalgroup.co.in/wp-content/plugins/js_composer/assets/fonts/vc_grid/vc_grid_v1d41d.eot]
[www.mittalgroup.co.in/wp-content/plugins/js_composer/assets/fonts/vc_grid/vc_grid_v157a1.woff]
[www.mittalgroup.co.in/wp-content/plugins/js_composer/assets/fonts/vc_grid/vc_grid_v157a1.ttf]
[www.mittalgroup.co.in/wp-content/plugins/js_composer/assets/images/spinner.gif]
[www.mittalgroup.co.in/wp-content/plugins/js_composer/assets/vc/remove.png]
[www.mittalgroup.co.in/wp-content/plugins/js_composer/assets/css/js_composer.min9c09.css]
[www.mittalgroup.co.in/wp-content/themes/kastell-child/images/phicon.png]
[www.mittalgroup.co.in/wp-content/themes/kastell-child/images/phone-icon.png]
[www.mittalgroup.co.in/wp-content/themes/kastell-child/images/mail-icon.png]
[www.mittalgroup.co.in/wp-content/themes/kastell-child/images/upcoming.png]
[www.mittalgroup.co.in/wp-content/themes/kastell-child/style9704.css]
[www.mittalgroup.co.in/wp-content/plugins/smart-slider-3/Public/SmartSlider3/Application/Frontend/Assets/dist/smartslider.min9c8c.css]
[www.mittalgroup.co.in/wp-content/uploads/2017/12/page-background.jpg]
[www.mittalgroup.co.in/wp-json/wp/v2/pages/4322.json]
[www.mittalgroup.co.in/wp-json/oembed/1.0/embed2cad.json]
[www.mittalgroup.co.in/wp-json/oembed/1.0/embedfcfb]
[www.mittalgroup.co.in/wp-content/plugins/js_composer/assets/lib/bower/font-awesome/css/v4-shims.min9c09.css]
[www.mittalgroup.co.in/thank-you/index.html]
[www.mittalgroup.co.in/wp-content/plugins/js_composer/assets/lib/bower/font-awesome/css/all.min9c09.css]
[www.mittalgroup.co.in/aiims-Ahmedabad/index.html]
[connect.facebook.net/en_US/fbevents.js]
[www.mittalgroup.co.in/develop-a-sense-of-calmness-with-mittal-group/feed/index.html]
[www.mittalgroup.co.in/wp-includes/js/comment-reply.min9704.js]
[www.mittalgroup.co.in/develop-a-sense-of-calmness-with-mittal-group/index.html]
[www.mittalgroup.co.in/property-category/creative-communities/index.html]
[www.mittalgroup.co.in/ganpati-enclave-Ahmedabad/feed/index.html]
[www.mittalgroup.co.in/wp-content/uploads/2022/06/ganpati-enclave-logo.png]
[www.mittalgroup.co.in/wp-content/uploads/2022/06/ganpati-overview.jpg]
[www.mittalgroup.co.in/wp-content/uploads/2022/06/ganpati-keyhighlight.jpg]
[www.mittalgroup.co.in/Ahmedabad-railway-station/index.html]
[www.mittalgroup.co.in/wp-content/uploads/2022/06/strategically-located-ganpati-enclave.jpg]
[www.mittalgroup.co.in/wp-content/uploads/2022/06/temple.png]
[www.mittalgroup.co.in/wp-content/uploads/2022/06/club-icon.png]
[www.mittalgroup.co.in/wp-content/uploads/2022/06/stadium.png]
[www.mittalgroup.co.in/wp-content/uploads/2022/06/school.png]
[www.mittalgroup.co.in/wp-content/uploads/2022/06/ploat-option.png]
[www.mittalgroup.co.in/wp-content/uploads/2022/06/shopping-mall.png]
[www.mittalgroup.co.in/wp-content/uploads/2017/11/property-custom-icon-3.png]
[www.mittalgroup.co.in/wp-content/uploads/2022/05/wide-road-ico.png]
[www.mittalgroup.co.in/wp-content/uploads/2017/11/property-custom-icon-6.png]
[www.mittalgroup.co.in/wp-content/uploads/2022/06/villas-ico.png]
[www.mittalgroup.co.in/wp-content/uploads/2022/06/open-gym-icon.png]
[www.mittalgroup.co.in/wp-content/uploads/2022/06/jogging-track.png]
[www.mittalgroup.co.in/wp-content/uploads/2022/06/severage-icon.png]
[www.mittalgroup.co.in/wp-content/uploads/2022/06/gepic-x10.jpg]
[www.mittalgroup.co.in/wp-content/uploads/2022/06/gepic-9.jpg]
[www.mittalgroup.co.in/wp-content/uploads/2022/06/gepic-7.jpg]
[www.mittalgroup.co.in/wp-content/uploads/2022/06/gepic-2.jpg]
[www.mittalgroup.co.in/wp-content/uploads/2022/06/gepic-4.jpg]
[www.mittalgroup.co.in/wp-content/uploads/2022/06/gepic-3.jpg]
[www.mittalgroup.co.in/wp-content/uploads/2022/06/GE-Pic-1.jpg]
[www.mittalgroup.co.in/wp-content/uploads/2017/11/screen-31.jpg]
[www.mittalgroup.co.in/wp-content/uploads/2017/12/about-background-img.png]
[www.mittalgroup.co.in/wp-content/plugins/js_composer/assets/lib/bower/animate-css/animate.min9c09.css]
[www.mittalgroup.co.in/wp-content/plugins/js_composer/assets/lib/vc_waypoints/vc-waypoints.min9c09.js]
[www.mittalgroup.co.in/ganpati-enclave-Ahmedabad/index.html]
[www.mittalgroup.co.in/sushant-city-2/feed/index.html]
[www.mittalgroup.co.in/wp-content/uploads/2022/06/sushant-city-logo.png]
[www.mittalgroup.co.in/wp-content/uploads/2022/06/scii-overview.jpg]
[www.mittalgroup.co.in/wp-content/uploads/2022/06/sc-keyhighlight.jpg]
[www.mittalgroup.co.in/wp-content/uploads/2022/06/SC-2-Location.jpg]
[www.mittalgroup.co.in/wp-content/uploads/2022/08/icon-12.png]
[www.mittalgroup.co.in/wp-content/uploads/2022/06/sc-pic-1.jpg]
[www.mittalgroup.co.in/wp-content/uploads/2022/06/sc-pic-2.jpg]
[www.mittalgroup.co.in/wp-content/uploads/2022/06/sc-pic-5.jpg]
[www.mittalgroup.co.in/wp-content/uploads/2022/06/sc-pic-6.jpg]
[www.mittalgroup.co.in/wp-content/uploads/2022/06/sc-pic-7.jpg]
[www.mittalgroup.co.in/wp-content/uploads/2022/06/sc-pic-8.jpg]
[www.mittalgroup.co.in/wp-content/uploads/2022/06/SCG-9-1.jpg]
[www.mittalgroup.co.in/wp-content/uploads/2022/06/SCG-10.jpg]
[www.mittalgroup.co.in/sushant-city-2/index.html]
[www.mittalgroup.co.in/sushant-city-1/feed/index.html]
[www.mittalgroup.co.in/wp-content/uploads/2022/06/sushant-city-1-logo.png]
[www.mittalgroup.co.in/wp-content/uploads/2022/06/sc-overview-1.jpg]
[www.mittalgroup.co.in/wp-content/uploads/2022/06/050.jpg]
[www.mittalgroup.co.in/wp-content/uploads/2022/06/gallery-pic-46.jpg]
[www.mittalgroup.co.in/wp-content/uploads/2022/06/icon-10.png]
[www.mittalgroup.co.in/wp-content/uploads/2022/06/gallery-pic-44.jpg]
[www.mittalgroup.co.in/wp-content/uploads/2022/06/gallery-pic-41.jpg]
[www.mittalgroup.co.in/wp-content/uploads/2022/06/gallery-pic-47.jpg]
[www.mittalgroup.co.in/wp-content/uploads/2022/06/gallery-pic-43.jpg]
[www.mittalgroup.co.in/wp-content/uploads/2022/06/gallery-pic-45.jpg]
[www.mittalgroup.co.in/wp-content/uploads/2022/06/gallery-pic-49.jpg]
[www.mittalgroup.co.in/wp-content/uploads/2022/06/gallery-pic-48.jpg]
[www.mittalgroup.co.in/wp-content/uploads/wpcf7_captcha/3041603791.png]
[www.mittalgroup.co.in/sushant-city-1/index.html]
[www.mittalgroup.co.in/sheesh-mahal-heights/feed/index.html]
[www.mittalgroup.co.in/wp-content/uploads/2017/11/sheesh-mahal-logo.png]
[www.mittalgroup.co.in/wp-content/uploads/2022/06/sm-overview-2.jpg]
[www.mittalgroup.co.in/wp-content/uploads/2022/06/SMH-Highlight.jpg]
[www.mittalgroup.co.in/wp-content/uploads/2022/06/smh-location.jpg]
[www.mittalgroup.co.in/wp-content/uploads/2022/06/x50.jpg]
[www.mittalgroup.co.in/wp-content/uploads/2022/06/x51.jpg]
[www.mittalgroup.co.in/wp-content/uploads/2022/06/x52.jpg]
[www.mittalgroup.co.in/wp-content/uploads/2022/06/x53.jpg]
[www.mittalgroup.co.in/wp-content/uploads/2022/06/x54.jpg]
[www.mittalgroup.co.in/wp-content/uploads/2022/06/x55.jpg]
[www.mittalgroup.co.in/wp-content/uploads/2022/06/x56.jpg]
[www.mittalgroup.co.in/wp-content/uploads/2022/06/x57.jpg]
[www.mittalgroup.co.in/wp-content/uploads/2022/06/x58.jpg]
[www.mittalgroup.co.in/wp-content/uploads/2022/06/x59.jpg]
[www.mittalgroup.co.in/wp-content/uploads/2022/06/x60.jpg]
[www.mittalgroup.co.in/wp-content/uploads/2022/06/x61.jpg]
[www.mittalgroup.co.in/wp-content/uploads/2017/11/living-room-2.jpg]
[www.mittalgroup.co.in/wp-content/uploads/2017/11/bedroom-1.jpg]
[www.mittalgroup.co.in/wp-content/uploads/2017/11/bedroom-2.jpg]
[www.mittalgroup.co.in/wp-content/uploads/2017/11/bedroom-3.jpg]
[www.mittalgroup.co.in/wp-content/uploads/2017/11/kitchen.jpg]
[www.mittalgroup.co.in/wp-content/uploads/2017/11/living-room.jpg]
[www.mittalgroup.co.in/wp-content/uploads/2017/11/bathroom.jpg]
[www.mittalgroup.co.in/wp-content/uploads/2017/11/property-custom-icon-8.png]
[www.mittalgroup.co.in/wp-content/uploads/2017/11/parking-ico.png]
[www.mittalgroup.co.in/wp-content/uploads/2022/06/icon.png]
[www.mittalgroup.co.in/wp-content/uploads/2022/08/develop-icon.png]
[www.mittalgroup.co.in/wp-content/uploads/2022/06/sm-gallery-20.jpg]
[www.mittalgroup.co.in/wp-content/uploads/2022/06/sm-gallery-21.jpg]
[www.mittalgroup.co.in/wp-content/uploads/2022/06/sm-gallery-22.jpg]
[www.mittalgroup.co.in/wp-content/uploads/2022/06/sm-gallery-23.jpg]
[www.mittalgroup.co.in/wp-content/uploads/2022/06/sm-gallery-24.jpg]
[www.mittalgroup.co.in/wp-content/uploads/2022/06/sm-gallery-25.jpg]
[www.mittalgroup.co.in/wp-content/uploads/2022/06/SMHG-09.jpg]
[www.mittalgroup.co.in/wp-content/uploads/2022/06/SMHG-06.jpg]
[www.mittalgroup.co.in/wp-content/uploads/2022/06/SMHG-07.jpg]
[www.mittalgroup.co.in/wp-content/uploads/2022/06/SMHG-08.jpg]
[www.mittalgroup.co.in/sheesh-mahal-heights/index.html]
[www.mittalgroup.co.in/dd-mittal-towers/feed/index.html]
[www.mittalgroup.co.in/wp-content/uploads/2022/06/Logo.png]
[www.mittalgroup.co.in/wp-content/uploads/2022/06/65a.jpg]
[www.mittalgroup.co.in/wp-content/uploads/2022/08/dd-pic.jpg]
[www.mittalgroup.co.in/wp-content/uploads/2022/06/picture-dd-1.jpg]
[www.mittalgroup.co.in/wp-content/uploads/2022/06/screen-01.jpg]
[www.mittalgroup.co.in/wp-content/uploads/2022/06/screen-02.jpg]
[www.mittalgroup.co.in/Ahmedabad-bus-stand/index.html]
[www.mittalgroup.co.in/wp-content/uploads/2022/06/screen-03.jpg]
[www.mittalgroup.co.in/Ahmedabad-airport/index.html]
[www.mittalgroup.co.in/wp-content/uploads/2022/06/screen-04.jpg]
[www.mittalgroup.co.in/wp-content/uploads/2022/06/villas.png]
[www.mittalgroup.co.in/wp-content/uploads/2022/06/gallery-10.jpg]
[www.mittalgroup.co.in/wp-content/uploads/2022/06/gallery-11.jpg]
[www.mittalgroup.co.in/wp-content/uploads/2022/08/DDMT-2.jpg]
[www.mittalgroup.co.in/wp-content/uploads/2022/08/DDMT-3.jpg]
[www.mittalgroup.co.in/wp-content/uploads/2022/08/DDMT-4.jpg]
[www.mittalgroup.co.in/wp-content/uploads/2022/08/DDMT-5.jpg]
[www.mittalgroup.co.in/wp-content/uploads/2022/08/DDMT-1.jpg]
[www.mittalgroup.co.in/wp-content/uploads/2022/08/DDMT-6.jpg]
[www.mittalgroup.co.in/wp-content/uploads/2022/08/DDMT-7.jpg]
[www.mittalgroup.co.in/wp-content/uploads/2022/08/DDMT-8.jpg]
[www.mittalgroup.co.in/dd-mittal-towers/index.html]
[www.mittalgroup.co.in/sheesh-mahal-Ahmedabad/feed/index.html]
[www.mittalgroup.co.in/wp-content/uploads/2022/06/sm-overview-1.jpg]
[www.mittalgroup.co.in/wp-content/uploads/2022/06/sm-facilities.jpg]
[www.mittalgroup.co.in/wp-content/uploads/2022/06/sm-location.jpg]
[www.mittalgroup.co.in/wp-content/uploads/2022/06/sm-gallery-15.jpg]
[www.mittalgroup.co.in/wp-content/uploads/2022/06/sm-gallery-16.jpg]
[www.mittalgroup.co.in/wp-content/uploads/2022/06/sm-gallery-17.jpg]
[www.mittalgroup.co.in/wp-content/uploads/2022/06/SMG-9.jpg]
[www.mittalgroup.co.in/wp-content/uploads/2022/06/SMG-5.jpg]
[www.mittalgroup.co.in/wp-content/uploads/2022/06/SMG-6.jpg]
[www.mittalgroup.co.in/wp-content/uploads/2022/06/SMG-7.jpg]
[www.mittalgroup.co.in/wp-content/uploads/2022/06/SMG-8.jpg]
[www.mittalgroup.co.in/sheesh-mahal-Ahmedabad/index.html]
[www.mittalgroup.co.in/mittal-city-mall/feed/index.html]
[www.mittalgroup.co.in/wp-content/uploads/2022/06/mcm-overview.jpg]
[www.mittalgroup.co.in/wp-content/uploads/2022/06/mcm-specification.jpg]
[www.mittalgroup.co.in/wp-content/uploads/2022/06/mcm-stretegic.jpg]
[www.mittalgroup.co.in/wp-content/uploads/2022/06/topview.jpg]
[www.mittalgroup.co.in/wp-content/uploads/2022/06/front-view.jpg]
[www.mittalgroup.co.in/wp-content/uploads/2022/06/sideview.jpg]
[www.mittalgroup.co.in/wp-content/uploads/2022/06/innerview.jpg]
[www.mittalgroup.co.in/wp-content/uploads/2022/06/central-ac.png]
[www.mittalgroup.co.in/wp-content/uploads/2022/06/escalators.png]
[www.mittalgroup.co.in/wp-content/uploads/2022/06/multiplex.png]
[www.mittalgroup.co.in/wp-content/uploads/2022/06/food-court.png]
[www.mittalgroup.co.in/wp-content/uploads/2022/06/hotel-room.png]
[www.mittalgroup.co.in/mittal-city-mall/index.html]
[www.mittalgroup.co.in/sheesh-mahal-plaza/feed/index.html]
[www.mittalgroup.co.in/wp-content/uploads/2022/08/sheesh-mehel-banner.jpg]
[www.mittalgroup.co.in/wp-content/uploads/2022/08/sheesh-mehal-img.jpg]
[www.mittalgroup.co.in/wp-content/uploads/2022/08/specification-img.jpg]
[www.mittalgroup.co.in/wp-content/uploads/2022/08/icon-3.png]
[www.mittalgroup.co.in/wp-content/uploads/2017/11/parking.png]
[www.mittalgroup.co.in/wp-content/uploads/2022/08/basement-icon.png]
[www.mittalgroup.co.in/wp-content/uploads/2022/06/SCO-Block-A-SCO-43-45.jpg]
[www.mittalgroup.co.in/wp-content/uploads/2022/06/SCO-Block-A-SCO-43-45-1024x724.jpg]
[www.mittalgroup.co.in/wp-content/uploads/2022/06/SCO-Block-A-SCO-37.jpg]
[www.mittalgroup.co.in/wp-content/uploads/2022/06/SCO-Block-A-SCO-37-1024x724.jpg]
[www.mittalgroup.co.in/wp-content/uploads/2022/06/SCO-58.jpg]
[www.mittalgroup.co.in/wp-content/uploads/2022/06/SCO-58-1024x724.jpg]
[www.mittalgroup.co.in/wp-content/uploads/2022/06/SCO-52-56.jpg]
[www.mittalgroup.co.in/wp-content/uploads/2022/06/SCO-52-56-1024x724.jpg]
[www.mittalgroup.co.in/wp-content/uploads/2022/06/SCO-49-57.jpg]
[www.mittalgroup.co.in/wp-content/uploads/2022/06/SCO-49-57-1024x724.jpg]
[www.mittalgroup.co.in/wp-content/uploads/2022/06/SCO-48.jpg]
[www.mittalgroup.co.in/wp-content/uploads/2022/06/SCO-48-1024x724.jpg]
[www.mittalgroup.co.in/wp-content/uploads/2022/06/SCO-47.jpg]
[www.mittalgroup.co.in/wp-content/uploads/2022/06/SCO-47-1024x724.jpg]
[www.mittalgroup.co.in/wp-content/uploads/2022/06/SCO-44-46.jpg]
[www.mittalgroup.co.in/wp-content/uploads/2022/06/SCO-44-46-1024x724.jpg]
[www.mittalgroup.co.in/wp-content/uploads/2022/06/SCO-42.jpg]
[www.mittalgroup.co.in/wp-content/uploads/2022/06/SCO-42-1024x724.jpg]
[www.mittalgroup.co.in/wp-content/uploads/2022/06/SCO-39-41.jpg]
[www.mittalgroup.co.in/wp-content/uploads/2022/06/SCO-39-41-1024x724.jpg]
[www.mittalgroup.co.in/wp-content/uploads/2022/06/SCO-38-40.jpg]
[www.mittalgroup.co.in/wp-content/uploads/2022/06/SCO-38-40-1024x724.jpg]
[www.mittalgroup.co.in/wp-content/uploads/2022/08/galler-1.jpg]
[www.mittalgroup.co.in/wp-content/uploads/2022/08/gallery-2-1.jpg]
[www.mittalgroup.co.in/wp-content/uploads/2022/08/galler-3.jpg]
[www.mittalgroup.co.in/sheesh-mahal-plaza/index.html]
[www.mittalgroup.co.in/sheesh-mahal-skyline/feed/index.html]
[www.mittalgroup.co.in/wp-content/uploads/2022/08/sky-overview.jpg]
[www.mittalgroup.co.in/wp-content/uploads/2022/08/sms-gallery-2.jpg]
[www.mittalgroup.co.in/wp-content/uploads/2022/08/sms-gallery-3.jpg]
[www.mittalgroup.co.in/wp-content/uploads/2022/08/icon-13.png]
[www.mittalgroup.co.in/wp-content/uploads/2022/06/entrance-lobby.png]
[www.mittalgroup.co.in/wp-content/uploads/2022/08/1-1.jpg]
[www.mittalgroup.co.in/wp-content/uploads/2022/08/2-1.jpg]
[www.mittalgroup.co.in/wp-content/uploads/2022/08/tower-type-1-L.D.-1.jpg]
[www.mittalgroup.co.in/wp-content/uploads/2022/08/tower-type-1-stilt-1.jpg]
[www.mittalgroup.co.in/wp-content/uploads/2022/08/tower-type-1-typical-1.jpg]
[www.mittalgroup.co.in/wp-content/uploads/2022/08/tower-type-1-ud-1.jpg]
[www.mittalgroup.co.in/wp-content/uploads/2022/08/tower-type-2-L.D.-1.jpg]
[www.mittalgroup.co.in/wp-content/uploads/2022/08/tower-type-2-stilt-1.jpg]
[www.mittalgroup.co.in/wp-content/uploads/2022/08/tower-type-2-typical-1.jpg]
[www.mittalgroup.co.in/wp-content/uploads/2022/08/tower-type-2-u-d-1.jpg]
[www.mittalgroup.co.in/wp-content/uploads/2022/08/unit-1-1.jpg]
[www.mittalgroup.co.in/wp-content/uploads/2022/08/unit-type-1-1.jpg]
[www.mittalgroup.co.in/wp-content/uploads/2022/08/unit-type-3-1.jpg]
[www.mittalgroup.co.in/wp-content/uploads/2022/08/unit-type-2-1.jpg]
[www.mittalgroup.co.in/wp-content/uploads/2022/08/unit-type-4a-1.jpg]
[www.mittalgroup.co.in/wp-content/uploads/2022/08/unit-type-5a-1.jpg]
[www.mittalgroup.co.in/wp-content/uploads/2022/08/unit-type-5b-1.jpg]
[www.mittalgroup.co.in/wp-content/uploads/2022/08/unit-type-4b-1.jpg]
[www.mittalgroup.co.in/wp-content/uploads/2022/08/unit-type-6A-1.jpg]
[www.mittalgroup.co.in/wp-content/uploads/2022/08/unit-type-6b-1.jpg]
[www.mittalgroup.co.in/wp-content/uploads/2022/08/skyline-07.jpg]
[www.mittalgroup.co.in/wp-content/uploads/2022/08/sms-gallery-4.jpg]
[www.mittalgroup.co.in/wp-content/uploads/2022/08/sms-gallery-1.jpg]
[www.mittalgroup.co.in/wp-content/uploads/2022/08/skyline-01.jpg]
[www.mittalgroup.co.in/wp-content/uploads/2022/08/skyline-08.jpg]
[www.mittalgroup.co.in/wp-content/uploads/2022/08/skyline-02.jpg]
[www.mittalgroup.co.in/wp-content/uploads/2022/08/skyline-03.jpg]
[www.mittalgroup.co.in/wp-content/uploads/2022/08/skyline-04.jpg]
[www.mittalgroup.co.in/wp-content/uploads/2022/08/skyline-05.jpg]
[www.mittalgroup.co.in/wp-content/uploads/2022/08/skyline-06.jpg]
[www.mittalgroup.co.in/sheesh-mahal-skyline/index.html]
[www.mittalgroup.co.in/sushant-city-2-independent-floors/feed/index.html]
[www.mittalgroup.co.in/wp-content/uploads/2022/08/PIF-overview.jpg]
[www.mittalgroup.co.in/wp-content/uploads/2017/11/wide-road-ico.png]
[www.mittalgroup.co.in/wp-content/uploads/2022/06/FSFP-2.jpg]
[www.mittalgroup.co.in/wp-content/uploads/2022/06/FSFP-1.jpg]
[www.mittalgroup.co.in/wp-content/uploads/2022/06/GFP-1.jpg]
[www.mittalgroup.co.in/wp-content/uploads/2022/06/GFP-2.jpg]
[www.mittalgroup.co.in/sushant-city-2-independent-floors/index.html]
[www.mittalgroup.co.in/ganpati-temple/feed/index.html]
[www.mittalgroup.co.in/wp-content/uploads/2022/09/GTBG-3.jpg]
[www.mittalgroup.co.in/wp-content/uploads/2022/09/GTBG-4.jpg]
[www.mittalgroup.co.in/wp-content/uploads/2022/09/GT-1.jpg]
[www.mittalgroup.co.in/wp-content/uploads/2022/09/GT-2.jpg]
[www.mittalgroup.co.in/wp-content/uploads/2022/09/GT-3.jpg]
[www.mittalgroup.co.in/wp-content/uploads/2022/09/GT-4.jpg]
[www.mittalgroup.co.in/property-category/specifics/index.html]
[www.mittalgroup.co.in/wp-content/uploads/2022/09/GT-5.jpg]
[www.mittalgroup.co.in/wp-content/uploads/2022/09/GT-6.jpg]
[www.mittalgroup.co.in/wp-content/uploads/2022/09/GT-7.jpg]
[www.mittalgroup.co.in/wp-content/uploads/2022/09/GT-8.jpg]
[www.mittalgroup.co.in/wp-content/uploads/2022/09/GT-9.jpg]
[www.mittalgroup.co.in/ganpati-temple/index.html]
[www.mittalgroup.co.in/tulips-club-stadium/feed/index.html]
[www.mittalgroup.co.in/wp-content/uploads/2022/09/TCS-3A.jpg]
[www.mittalgroup.co.in/wp-content/uploads/2022/09/TCS-5.jpg]
[www.mittalgroup.co.in/wp-content/uploads/2022/09/TCS-4b.jpg]
[www.mittalgroup.co.in/wp-content/uploads/2022/09/tennis-icon.png]
[www.mittalgroup.co.in/wp-content/uploads/2022/09/basketball-court.png]
[www.mittalgroup.co.in/wp-content/uploads/2022/08/icon-7.png]
[www.mittalgroup.co.in/wp-content/uploads/2022/09/sitting-icon-2.png]
[www.mittalgroup.co.in/wp-content/uploads/2022/09/sitting-icon.png]
[www.mittalgroup.co.in/wp-content/uploads/2022/09/TCSG-1.jpg]
[www.mittalgroup.co.in/wp-content/uploads/2022/09/TCSG-2.jpg]
[www.mittalgroup.co.in/wp-content/uploads/2022/09/TCSG-3.jpg]
[www.mittalgroup.co.in/wp-content/uploads/2022/09/TCSG-4.jpg]
[www.mittalgroup.co.in/wp-content/uploads/2022/09/TCSG-5.jpg]
[www.mittalgroup.co.in/wp-content/uploads/2022/09/TCSG-6.jpg]
[www.mittalgroup.co.in/wp-content/uploads/2022/09/TCSG-7.jpg]
[www.mittalgroup.co.in/wp-content/uploads/2022/09/TCSG-8.jpg]
[www.mittalgroup.co.in/wp-content/uploads/2022/09/TCSG-9.jpg]
[www.mittalgroup.co.in/wp-content/uploads/2022/09/TCSG-10.jpg]
[www.mittalgroup.co.in/tulips-club-stadium/index.html]
[www.mittalgroup.co.in/wp-json/wp/v2/pages/3634.json]
[www.mittalgroup.co.in/wp-json/oembed/1.0/embedaf37.json]
[www.mittalgroup.co.in/wp-json/oembed/1.0/embedde00]
[www.mittalgroup.co.in/real-estate-projects/index.html]
[www.mittalgroup.co.in/wp-json/wp/v2/pages/5075.json]
[www.mittalgroup.co.in/wp-json/oembed/1.0/embed1fdf.json]
[www.mittalgroup.co.in/wp-json/oembed/1.0/embedda0c]
[www.mittalgroup.co.in/wp-content/uploads/2022/12/Sheesh-Mahal-EC-Letter.pdf]
[www.mittalgroup.co.in/wp-content/uploads/2022/12/Sheesh-Mahal-Skyline-CTE-Grant-Certificate.pdf]
[www.mittalgroup.co.in/wp-content/uploads/2022/12/News-Clip-2.png]
[www.mittalgroup.co.in/wp-content/uploads/2022/12/News-Clip-1-1024x665.jpg]
[www.mittalgroup.co.in/wp-content/uploads/2022/12/News-Clip-1.jpg]
[www.mittalgroup.co.in/wp-content/uploads/2024/05/Sheesh-Mahal-Skyline-Six-Monthly-Compliance-Report-for-the-Period-Ending-30.09.2023.pdf]
[www.mittalgroup.co.in/wp-content/uploads/2023/10/Sheesh-Mahal-Skyline-Six-Monthly-Compliance-Report-for-the-Period-Ending-31.03.2023.pdf]
[www.mittalgroup.co.in/wp-content/uploads/2024/06/Six-Monthly-Compliance-Report-of-Sheesh-Mahal-Skyline-for-the-period-ending-31-03-2024.pdf]
[www.mittalgroup.co.in/wp-content/plugins/js_composer/assets/lib/lightbox2/dist/css/lightbox.min9c09.css]
[www.mittalgroup.co.in/wp-content/plugins/js_composer/assets/lib/lightbox2/dist/js/lightbox.min9c09.js]
[www.mittalgroup.co.in/environmental-clearance/index.html]
[www.mittalgroup.co.in/wp-json/wp/v2/pages/26.json]
[www.mittalgroup.co.in/wp-json/oembed/1.0/embedd819.json]
[www.mittalgroup.co.in/wp-json/oembed/1.0/embed83c7]
[www.mittalgroup.co.in/wp-content/uploads/2022/09/about-pic-x1.jpg]
[www.mittalgroup.co.in/wp-content/uploads/2022/06/mission-icon.png]
[www.mittalgroup.co.in/wp-content/uploads/2022/06/vission-icon.png]
[www.mittalgroup.co.in/wp-content/uploads/2022/06/group-icon.png]
[www.mittalgroup.co.in/mittal-group/index.html]
[www.mittalgroup.co.in/wp-json/wp/v2/pages/3939.json]
[www.mittalgroup.co.in/wp-json/oembed/1.0/embedb7d7.json]
[www.mittalgroup.co.in/careers/index.html]
[www.mittalgroup.co.in/blog/index.html]
[www.mittalgroup.co.in/contact-us/index.html]
[www.mittalgroup.co.in/property-category/residential/index.html]
[www.mittalgroup.co.in/property-category/commercial/index.html]
[www.mittalgroup.co.in/ganpati-enclave/index.html]
[www.mittalgroup.co.in/sheesh-mahal/index.html]
[www.mittalgroup.co.in/2bhk-in-Ahmedabad/index.html]
[www.mittalgroup.co.in/real-estate-business/index.html]
[www.mittalgroup.co.in/home-buyers-are-looking-for-in-a-home/index.html]
[www.mittalgroup.co.in/property-on-Ahmedabad/index.html]
[www.mittalgroup.co.in/real-estate/index.html]
[www.mittalgroup.co.in/edible-oil/index.html]
[www.mittalgroup.co.in/distillery-ethanol-industry/index.html]
[www.mittalgroup.co.in/news-media/index.html]
